Welcome to Mihai's Store
101
16th Birthday 16th Foil Banner - 9ft
1st birthday
2-in-1 Chess & Draughts
24 Game
4 Pocket Pro Binder Black
45" Sunset Glow Pool
4M
50Fifty
50th Birthday
60°
8
80s Material Girl
A B Gee
A Kent & Cleal game
A Nightmare On Elm Street
A Plus
A to Z
A.S.PUPPETS
AB Gee
ABC
ACROBAT & BUFFOONERY LTD
AFUNTA
AFV Club
AHK Hand Puppets
AHK/Dowman
AK Sport
AKORD
ALLKINDATHINGS
AMBULANCE
AMT
AMZ
AOSHIMA
AOTOP
APC
ARBE
ARSUK
ARTBOX
ASCRAFTS
ASH
AT
AUTOart
Abbey Road Studios- Music Trivia
Abystyle
Academy
Accel World
Accessotech
Ace
Ace Authentic
Ace Trumps
Action Figures
Adrenalyn
Adrenalyn XL
Advanced Printing
Advent Calendars
Advent Gift Boxes
Adventure Time
Aedes
Aedes Ars
Agatsuma
Aimee shine
Air Storm
Airfix
Alandra
Alderac Entertainment Group
Alex
Alfa Romeo
Alien Connection Ltd
Aliens
Alison Gardiner
All Aboard
Allaccessories
Alligator
Alligator Books
Alphabet Art
Alpine
Altaya
Am
Amatola-Kei
Amav
Amazing child Montessori
Amazona's presentz
American Muscle - ERTL Collectibles
Amigo Spiel + Freizeit
Amscan
Amscan International
Anagram
Anbee
Andy's
Angels Avenue
Angels Fancy Dress
Angry Birds
Animagic
Animal Babies
Animal Theme Balloons
Anime
Animewild
Anita's
Anker
Anker International
Anniversary
Anniversary House
Anself
Anthony Peters
AoE Performance
Aoshima Models
Aoshimabunkakyozaisha
Apples to Pears
Aprilia
Aqua Beads
Aqua Noodle
Aquapets
Aquaplay
Aquarius
Arcane Tinmen ApS
Arcane Wonders
Archer Fine Transfers
Ardisle
Ares
Ark
Ark Toys
Armourfast
Art Asylum
Arxon
Ashmolean
Asmodee Editions
Asmodée
Aston Martin
Astro Boy
Asuka Model
Ateam
Ateamart
Atlas
Audi
Aurora
Aurora My Little Pony
Austar
Auto Books
Avatar
Avengers: Age of Ultron
Aviation 72
Ayumi
Aztec Imports, Inc.
B
B&L
B&M
B-Loony
BALLOONSHOP
BAO CORE
BARGAINS-GALORE
BBC
BBC Worldwide
BBTradesales
BCW
BGC
BGC Studios
BIG
BIG Toys
BIGMOUTHINC.
BINGWAN
BLACK STAR MEDIEVAL CLOTHING
BLO pens
BML
BOF
BOLAND BV
BOYU
BQLZR Hobbies
BRUYNZEEL - SAKURA BV
BSD
BTC
BTG
BV Leisure
BWS
BXT
Babe Mall Inc
Baby Celebrations
Baby Shower Host
Baby Stitching Blue Jointed Letter Banner
Baby, Christening & Baby Shower
BabyMad
Bachmann
Bachmann N Gauge
Backspindle Games
Baker Ross
Bakugan
Ballerina Tutu Much Fun Party
BalloonDevil
Ban Dai
Bandai
Bandai Hobby
Bandai-Namco
Bands
Banpresto
Banzai
Barbie
Bargained-Tatz
Base
Base Ace
Batman
Batman Dark Knight Rises
Bauer
Bburago
Be Creative
Be My Bear
Bead-boutique
Beado's
Beads4crafts
Beanie Babies
Beanie Boo Buddies
Beanie Boos
Beanie Buddies
Beanies
Beavis And Butt-Head
Bedford
Beistle
Belbal
Beleduc
Believe You Can
Ben & Holly
Ben 10
Benross
Benross Group
Bentley
Bepuzzled
Berenguer
Berko
Best Dressed
Best Line
Bestway
Bettie Page
Beyblade
Bicycle
Bicycle Cards
Biestle
Bif Bang Pow
Big Hero 6
Big Mouth Toys
Big Party Costumes
Big Potato
BigCherry
Bigjigs Rail
Bigjigs Road
Bigjigs Toys
Bin Weevils
Bin Weevils Trading Card Game
Bing
Binney & Smith
Bino
Birthday Gift Ideas
Bits and Pieces
Bizili
Black Butler
Black/Silver/White Balloons & Decorations
Blade
Bladez Toyz
Blancho
Block Party
Bloom's cosplay
Blue Banana
Blue Exorcist
Blue Frog Toys
Blue Orange
Blue Planet Online
BlueBeach
Bluw
Blythe
Bob
Body Art Desire
Body Glue- Adhesive
Boikido
Bojeux
Bolt Action
Bolz
Bontempi
Bontempi IGirl
Boppi
Born To Play
Bosskut
Bowen Designs
BoxSet
Boys toys
Brainstorm
Brainstorm Toys
Branching Out
Bravest Warriors
Breaking Bad
Breyer
Brian Clegg
Bride Boutique
Brimtoy
Brimtoy Dice Games
Brio
Bristol Novelties
Britains
Britains Big Farm
Britains Farm
Britannia Games
British Museum
Brogamats
Bronco
Bronco Models
Brookite
Bruder
Brumm
Brushwood
Brybelly
Budgies Fancy Dress
Budkins
Build your Bears Wardrobe
Built Up Toys
Buiten speel
Bulk Dice
Bullyland
Bundle Monster
Bungees
Burger Boss
Busch
Bushiroad
Buy Craft Direct Ltd
BuyinCoins
C. Kreul
C.P.M.
CARIOCA ARTS AND CRAFTS
CARRERA RC
CAT Construction
CATO
CD FUNDRAISING
CE Toys
CHIC 2000
CI
CIL
COBI
COOCHEER
CRAFTY BITZ
CRAZYLADIES COSTUMES
CREATIVE EDUCATIONAL
CRW
Cabbage Patch Kids
Cake Supplies
Calafant
Caley's
California Costume
Caltime
Caltime Click!
Caltime Plus
Capcom
Captain Scarlet
Captain america
Caran d'Ache
Card Concept
Card and Party Store
Cardfight
Cardfight Vanguard
Cardinal
Cardinal Industries
Cards
Carl Schmieder
Carlton
Carousel
Carrera
Carrera 'Go'
Cartamundi
Cartoon Network
Casdon
Caspari
Castle MacLellan
Castorland
Caterpillar
Cavendish Trading
Celebrity Cutouts
Cepia
Champion Sports
ChangThai Design
ChannelAdvisor
Charachter Shape Balloons
Character
Character Building
Character Options
Charlie Bears
Charter Limited
Chavet, Chavet
Cheatwell Games
Checker
Cheerson
Chelsea F.C.
Chess
Chess and Bridge
Chessbazaar
Chessebook
Chessex
Chevrolet
Chi Chi Love
Childs Fancy Dress
Chimp & Zee
Chinatera
ChoicefullBargain
Chopsticks
Christmas
Christmas and Decorations
Christy's
Christy`s
Chuggington
Cityscape Maps Ltd
Claire's
Clangers
Classic Dining Moments
Classic Leisure Products
Classified
Classix
Clementoni
Click-A-Brick
Clics
Clikkabox
Clown
Club
ClubKing Ltd
Coca-Cola
Cockroach Poker (German Edition)
Coiledspring Games
CollectA
Collecta
Collectable Diecast
Collectable Minifigures
Colorino
Colour Changing Products
Colour Me Mine
Colour Talk
Colourland
Comansi
Comic Maker
Commotion Group
Concept4u
Concession Market®
Construction Service Series
Cool Create
Copag
Coppenrath
Coppenrath Verlag
Corgi
Corgi Toys
Corgi Vanguards
County Engraving
Coxeer
Cozy Plush Premium
Cozy Plush(TM)
Cra-Z-Sand
Cracker kit fillers
Craft
Craft Planet
Crafters Companion
Craftime
Crafting Pens
Craftplay
Crafty Capers
Crayola
Crayola Creations
Crayola My First Crayola
Crazy Grans
CrazyGadget
Creation Station
Creativ Co Ltd
Creative
Creative Party
Creative Toys
Creativity International
Creativity for Kids
Creator
CreepyParty
Crescent
Crescent Cardboard Co
Crew
Cryptozoic Ent.
Crystals & Gems Uk
Cthulhu
Cubic Fun 3D Puzzle
CubicFun
Cuddles Time
Cultzilla
Cup Cake Dice
Custom Masks
Cut the Rope, Zeptolab
D-TOYS
DAN Import
DBPOWER
DC
DC Collectibles
DC Comics
DC Super Friends
DC Universe Classics
DELUXE MATERIALS
DF Soft Toys
DGT
DIY
DIY Celebrity Masks
DJI
DKL
DNA Toys
DP
DRAGON / Aoshima
DS Styles
DSN
Dammit Dolls
Danawares
Dantoy
Dapol
Darda
David Westnedge
David Westnedge Games
Dazzle Glitter Tattoos
Dcolor
DeAgostini
Deadpool
Deal or No Deal
Dealspanks
Dear Zoo
Deb Darling Designs
Deckboosters
Deco Party UK
Decopatch
Del Prado
Delph Miniatures
Dempsey Designs Minicraft
Desconocido
Despicable Me
Diabolical Gift People
Diamant
Diamond Comic Distributors
Diamond Select
Dice
Dice World
Dickie Toys
Dickie-Spielzeug
Dickie-Tamiya
Dickies
Die'sire
Diecast
Dino Dice
Dino Valley
Dinosaur Party
Dinosaur Prehistoric Party
Dinosaur Train
Dinowaurs
Dirty Fingers
Discount Party Warehouse
Disguise
Disney
Disney Frozen
Disney Junior
Disney Princess
Display
Diverse
Djeco
Doc McStuffins
Dodolive
Dolls House Parade
Dolly Doo
Domino Express
Doodle Jump
Double Horse
Dover Publications
Dowman
Dowman Imports Ltd
Downtown
Dr Who
Dragon
Dragon Defenders of Berk
Dragon Models
Dragon Shield
Dragon-i Toys
Dragonball Z
Dragons
DreamFlying
Dress Up America
Driver Dan
Drumond Park
Ducati
Ducati Supersport 1000ds HF 2003 bike
Dude Dice
Dunster House
Duplay
Dust Studio
Dynamite
E-Bargains
EDX Education
EGT Toys et Garden
EMCE Toys
ENESCO
EQD
EQD Ltd
EQLEF®
ERTL
ESCO
ETHAHE
EVTECH
EW Education
EXPRESSION
EY-slimming toys
EZE DOPE
Eachine
Early Learning Centre
Easymodel
Ebbro
Eckon
Eddie Stobart
Educa
Educa Borras
Educational Insights
Eitech
Electrovision
Elizabeth Arden
Ellusionist
Elope
Elvis Presley
Elysium Enterprises
Emek
Emhar
Emmas Wardrobe
Empire
Engino
Enter Play
Eolo
Epoch
Erzi
Esdevium Games
Eshylala
Estia
Eurographics
Eurowrap
Ever After High
Every-occasion-party-supplies
Evil Hat Productions
Ex Mag
Express Gifts
Expression Factory
Eye Masks
Eye On Asia
FANCYDRESSCOZ
FDC
FDPS
FIRESTAR TOYS CUSTOM DESIGNS
FRILLY LILY
Fabfancydress
Fabrikations
Fabulous Las Vegas Dice - 5 Pack
Faithful Friends
Falcon
Falcon Games
Falcon Miniatures
Falcon de luxe
Faller
Family Games
FamilyMall
Fancy Dress Accessories
Fancy Me
Fancy Pants Store
Fantasy Cube
Fantasy Flight
Fantasy Flight Games
Farfouil en Fête
Farrow Industries
Fascinations
Fashion Accessory
Fashion Angels
Fashion Lights
Fast and Furious
Fayee
Feature Pens
Feldherr
Female Fancy Dress
Ferrari
Fiat
Fibracolor
Fiesta
Fiesta Crafts
Fiesta Toys
Final Fantasy
Find-me-a-gift
Fine Horse
Fine Molds
Finnegan King of the Leprechauns
Fireman Sam
Fish Around
Fisher Price
Fisher-Price
Fizz Creations Ltd
Flag Tattoos - Temporary Tattoos 4U
Flags and Bunting
Flair
Flames of War
Flames of War Vietnam
Flex
Flexifoil
Flexmetal
Flight
Flying Gadgets
FoG models
Foil Balloons - Hearts
Folat
Folkmanis
Football
Force Attax
Forces Of Valor
Ford
Forlorn Hope Games
Forum
Foxmind
Foxy Facemasks
Freeing
Fresh Metal
Friends
Friendship Loom
Frogs
Front Porch
Frozen
Fujimi
Fun And Glitter
Fun Express
Fun House
Fun Machine
Fun Shack
Fun Stickers
Fun Toys
FunKo
Fundex
FunkyBuys
Funloom
Funny Balloons
Funny Party Hats
Funrise
Funskool
Funtime
Fur Real Friends
Furry Warmers
Furuta
Fusion
Future Card Buddyfight
Fuzzy Felt
Fábricas Agrupadas de Munecas
G. I. Joe
GE Entertainment
GET RETRO
GGG
GGS
GGSELL
GHOST RECON
GIZZY
GODZILA
GOGO
GRABO
GRAHAM'S GAMES
GREEN HORSE
GREENLIGHT/ROAD2RACEMODELS
GSI Creos
Gaffney
Galt Toys
Game
Game Salute
Game of Thrones
GameBrotherZ
GameOnStuff
Games
Games & Puzzles
Games Workshop
Games with Names
Gamewright
Gardeningwill
Gaugemaster
Gb Posters
Gear 4 Games
Gemini Jets
Gemma
Gemz Fancy Dress
Generic
Generico
GeoSpace
George
Ghostbusters
Gibsons
Gibsons Games
Giddy Up
Gift Zone
Gigamic
Ginger Fox
Ginger Ray
Giochi Preziosi
Giotto
Girlie Paws
Girls Glitter Tattoo Kits
Givenchy
Gladiator Foam
Glantop
Gleader
Glitter Body Art
Glitter Tattoo Kits
Glitter Tattoo Powder
Glitter Tattoo Starter Kits
Glitter Tattoo Stencils
Glitz pack
Glitzy Jewels
Global Gizmos
Go MINI
GoForItGames.com
GoGo's Crazy Bones
GoKi
Gohner
Golden Bear
Goliath
Golo
Gonge
Good Deals Online
Good Smile
Good Smile Company
GoodsforU
Gookha
GoolRC
Gormiti
Goula
Grafix
Graham Farish
Graupner
Great British Street Party
Great Gizmos
Great Minds
Great Value Multipacks
Greater Than Games
Green
Green Board Games
Green Hornet
Green Lantern
Green Toys
Green Toys And Games
Green farm
Greenhills Garages
Greenlight
Gregory Crafts & Gifts
Greyland Mask
Greylight Limited
Grids
Groovy Girl
Grossman
Gruffalo Party
Guaranteed4Less
Guess How Much I Love You
Gumpert
Gund
Gundam
Gunther
HAPE Beleduc
HB HomeBoat®
HCM Kinzel
HGL
HLT Miniatures
HOBBYTIGER
HONGBE
HOOTY FRIENDS(TM)
HPI
HPI Racing
HQ
HQ Kites
HTI
HaSaH
Haba
Habico
Hacker T. Dog
Half Moon Bay
Halilit
Hallmark
Halloween
Halo
Halsall
Hama
Hama Beads
Hama Beads DKL
Hamleys
Hanayama
Hanna-Barbera
Hansa
Hape Early Explorer
Hape International
Happy Birthday
Happy Birthday Balloons
Happy Cubes
Happy People
HappyCloud
HappyFans
Hard As Nails
Hardley Dangerous
Harry Potter
Hasbro
Hasegawa
Hawk Wargames
Haynes
Headbands
Heart Cell
Heaton
Heaton party
Heidi Ott
Heinrich Bauer
Hello Kitty
Hemar
Henbrandt
Henbrant
Hendbrandt
Heng Long
Hengsong
Hennessey
Henry Glass Fabrics
Henry Hugglemonster
Heritage Playing Cards
Heroes Legends of the Battle Disks
Hey Duggee
Heye
High Street TV
History Heroes
Hobby Art & Crafts
Hobby Games
Hobby Master
Hobbyboss
Hobbypower
Hollywood
Hollywood Star Attraction VIP Bunting - 12ft
Hollywood party
Hollywood/Movie Night
Hollywood/Prom - Theme Event
Holtztiger
Holztiger
Home & Leisure Online
Home Fusion Company
Home Impressions Inc
HomeTalks
Homgaty
Honda
Honey B's
Hong Kong Phooey
Horch
Hornby
Hot Bodies
Hot Toys
Hot Wheels
House of Marbles
Houseworks, Ltd.
Housweety
How to Train You Dragon
How to Train Your Dragon
Hubsan
Huch & Friends
HuntGold
Hunter
Hutter Trade GmbH + Co KG
IBTT
ICEBOX
ICM
ICONIX
ILOVEFANCYDRESS
INFINITE INNOVATIONS INC
INTERALLIED
IPT Imports
Ice Age
Ice Cream
Ideal
Idena
Identipen
Iello
Illoom balloons Purple - pack of 5
Imaginext
Imagingext
Imajo
ImmersionRC / Fatshark
Immoral Clothing
Impact Graphix
Impressions
In the Night Garden
Inazuma Eleven
Indigo
Indigo Worldwide Ltd
Infantastic
Inflatable Partyware
Inflatable Santa
Ingenious Toys
Inkwear
Inkworks
Innotab
Innovention Toys
Insect Lore
Inspiration Bricks Toys
Inspire
Internet Gift Store
Interplay
Intex
Invero®
Iron Man
IronMan
Italeri
Iwako
Iwaya
JC Toys
JEWELTAILOR
JINX
JJS Direct UK
JKR
JMT
JR Propo
JXD
Jack Daniel
Jack Daniels Whiskey
Jacks
Jackson's Miniatures
Jada
Jaffas World ltd
Jaguar
Jake and the Neverland Pirates
Jakks Pacific
Jakks Pacific Inc.
Jakobs
Jamara
James Bond
James Hamilton Grovely
Janod
Jaques of London
Jay & Silent Bob
Jazwares
Jelly Cat
Jensen
Jeremie
Jesters
Jewel Finish Solid Colour 3ft Latex
Jigthings
Jilong
Joal
John Adams
John Crane
John Deere
Jouef
Joyride Entertainment - James Bond
Juff Dunham
Juliet's Kiss
Jumbo Games
Jun Planning
Jungle Party
Jurassic World
Just Cards
Just Feathers by Crazy Grans
Just For Fun
Just Play
Just Say Beads
K and C, K and C
K'Nex
K-Direct
KAILIMENG
KAIYODO JAP.
KARIZMA
KAS
KBT
KCFT
KCG Trading
KIDS-OUTLET
KLOO
KMC
KRE-O
KSG
KT
Kahootz
Kaiyodo
Kakapopo TCG Card Albums & Binders
KakapopoTCG Card Storage
KakapopoTCG Deck Box
Kakaxi
Kaleidoscope
KandyToys
Kapow Gifts
Karaloon
Karnival
Kars
Kato
Kato (USA)
Kawada
Kawaii
Keel Toys
Keetek
Kelly Toys
Kem
Kenner
Kenneth Cole Reaction
Kent & Cleal
Kenzies Gifts
Keycraft
Kibbles
Kibri
KidKraft
KidO
KiddyPlay
Kidoloop
Kidrobot
Kids B Crafty
Kids Create
Kids Stars
Kids4ever
Kinetic Sand
King
King Horse
King International
Kingfisher
Knightwing
Kobwa
Kokuyo
Konami
Konfi-store
Konfidence
Koplow Games
Kotobukiya
Kotobukiya Co., Ltd.
Kressies
Kung Zhu Hamsters
Kyosho
Käthe Kruse
L'Atitude
L'Univers du Cheval
L-FENG-UK
L.W.
LEGO
LELIN
LISCIANI
LS Glamour Room
LUJII
LV017 Angeline 1964
Lado
Ladybug Party
Lag3
Lagonda
Lagoon
Lagoon Group
Lakeshore
Lalaloopsy Mini
Lamborghini
Lambretta
Lanard
Lancia
Land Rover
Laser
Latitude Enfant
Laverda
Le Toy Van
LeapFrog
Learning Curve
Learning Resources
Leeho
Left Center Right
Leg Avenue
Legion Supplies
Legler
Leisure
Letraset
Letterbox
License 2 Play Inc
Life Is Good
Lil Kinz
Lily Dolls
Linkee 4 little questions. 1 big link.
Linxinwei
Lion Chess
Lion Games & Gifts Europe
Lionel
Lite Brix
Lite Brix Moonlight Monsters
Little Buddy
Little Live Pets
Little Miss
Little Miss Muffin
Little Pals
Little People
Little Wigwam
Littlest Pet Shop
Liverpool F.C.
Living Dead Dolls
Living Nature
Living Puppets
Logitoys
London Teddy Bears
Loom
Loom Bands
LoomAstic Bands
Looney Labs
Looney Tunes
Loop & Loom
Lord of the Rings
Loz
Lucky omen
Lucy Locket
Lundby
Lyndie's Craft
Lyra
M & D International
M Gordon & Sons
M:Tech
MAPS Toys
MASK & CO
MASK-ARADE
MASSEY FERGUSON Tronico
MCS
MDL
MENG
MG
MGA Entertainment
MISSING
MMC
MODERN TRUCKS
MT Creations
MTG
MTS
MUFFIN LODGE
MY
MYO Friendship Bracelet
Magic Box Int.
Magic Box International
Magic Madhouse
Magic Sand
Magic The Gathering
Magic The Gathering 2013 Core Set Intro Pack
MagicMakers
MagicWorld
Magical Minerals
Magnetic
Maileg
Main Sauce Production
Maisto
MajorCrafts
Make It With Beads
Mammut
Manhattan Toy
Maped
Marks and Spencer
Markwins International
Markylis
Marvel
Marvel Comics
Marvel Regener8'rs
Marvel Superhero Squad
Marvel, 20th Century Fox
Marvin's Magic
MaskHeaven
Master Of Chess
Master Replicas LLC.
Masters
Masters of the Universe
Match Attax
Match Attax 15/16
Matchbox
Matchbox 1-75
Matchmaker
Matfield Lavender Gifts
Mattel
Mattel GmbH
Max Factory
Max Protect
Max Protection
Max Steel
Max Tow Truck
Maxim
Maya the Bee
Mayday Games
Mayflower
McDonalds Happy Meal Toy
McFarlane
McLaren
Me & My Big Ideas
Me To You
Meadow Kids
Meccano
Medicos
Medieval Dragon Ride-On
Mega
Mega Bloks
Mega Fancy Dress
Megahouse
Megaminx
Mei_star
Melissa & Doug
Melody Jane
Melody Jane Dolls Houses
Men in Black
Mensa
Menu Life
Mercedes-Benz
Merchandise 24/7
Merlins Medieval Closet
Metal Earth
Metal products
Metcalfe
Mickey & Minnie Mouse
Mickey Mouse
Micki
Micki Leksaker
Micro Scalextric
MicroMiniatures
Midco Toys
Mighty Megasaur
Mike the Knight
Miku
Miles
Millenium
Millhouse
Minecraft
Mini
Mini Chou Chou Birdies
Mini Flopsie
Miniart
Minichamps
Minilabel
Miniland
Minnie Mouse, Mad about Minnie
Mirage Hobby
Mirror Models
Misha
Mister Maker
Miyoni
MoYu
Model Kasten
Model Power
Model Power (Postage Stamp Planes)
Modelling Balloons
Modern Event Deck
Monchhichi
Mondo Motors
Money Bingo
Monster High
Monster Parties
Monsters University
Monsters, Inc
Mookie
Moomins
Mooshka
Morbs
Morph Costumes
Morphsuits
Morris & Co
Mortal Kombat
Moshi
Moshi Monsters
Moshi: Rox Tin
Motion Sand
Motor Mania
Motor Zone
Motormax
Movie Stars
Mudder
MunchieMoosKids
Munsters
Muppets
Music/Disco/Rock & Roll Theme
MustBeBonkers
Mutant Mania
My 1st JCB
My Blue Nose Friends
My Clippy
My Doll
My Little Pony
My Pillow Pets
My Planet
My Ukulele Pack
My1stWish
MyTinyWorld
Märklin
Märklin my world
NBA
NECA
NEO+
NFL
NMIT
NOEL TATT
NPK
NPW
Nanostad
National Gallery Company
National Geographic
Negiel
Nemesis Now
Neon Balloons
Neopets
Nerf
Nestlé
New Classic Toys
New Ray
New World Toys
Nici
Nickelodeon
Nicko
Ninco
Nintendo
Nintendogs
No
Noble Collection
Noch
Nollmit
Norev
Noris
Noris Spiele
Norscot
North American Bear
North Star Games
Northstar
Northstar Balloons
Not Available
Novelties
Novelties Direct
Novelty Gifts
Number Shaped Balloons
ODDCO
OEM
OMO
OMYGOD
ONTRAD Limited
OakTree
Oaktree UK
Oblivion
Octonauts
Often
Old Glory
Olde Scotland Yard Ltd.
Oliver pascal
Olympic Mascots
Olympics/Jubilee
Om
Omerta
Omnibus
One Direction
OnlineDiscountStore
Oostifun
Opaque
Opel
Orbotix
Orchard Toys
Oskar & Ellen
Other
Out of the Blue
Owfeel(TM)
Oxford
Oxford Diecast
P&D
PAM
PARTNER INTERNATIONAL
PATHWAYS FOR LEARNING
PILLOW PET 1 DIRECTION PINK PUPPY 18"
PILOW PUPPETS
PJ
PLAYHOUSE FUN CRAFT
PMS
PMS International
POP! Bobble
POP! Rides
POP! Vinyl
POWER CITY TRAINS
PST
PTS
PUZL
Pacific Rim
Paddington Bear
Paint and Play Today
Palmers
Pams
Panini
Paper Jamz
Paper Projects
Papo
Papo Fantasy
Papo Knights
Parrot
Parties Unwrapped
Party Bag Fillers
Party Bags 2 Go
Party Central
Party Delights Ltd
Party Destination
Party Discount
Party Genies
Party Parade
Party Savvy
Party Stuff 4U
Party2u
Partyfest.de
Partyrama
Past Times Quilling
Patch Products Inc.
Pathfinder
Paul Lamond
Paul Lamond Games
Paw Patrol
Pazapa
Peaceable Kingdom
Peanuts
Pearlised Solid Colour 11" Latex
Pearlised Solid Colour 5" Latex
Peco
Peers Hardy
Pegasus Hobbies
Pelikan
Penny Arcade
Penzora
People. Coffee Table Trivia
Peppa Pig
Peptim Scenics
Perfect Combiner
Perfectly Pink
Perler
Personalised Bears and Rag Dolls
Personalised Party Supplies
Personaliseurgift
Peter Rabbit
Peterkin
Phase 10 Card Game
Phat Company
Philos, Philos
Piatnik
Pictionary
Picture Favourites
Piko
Pin -It
Pin It On
Pinflair
PinkWebShop
Pintoy
Pinzhi
Pip-squeak markers
Pipkits
Pippin
Pixar Cars
Plaid Hat Games
Plan Toys
Planes
Planet of the Apes
Plants vs Zombies
Plastic Soldier Company
Plasticant Mobilo
Plastoy
Platts
Playbox
Playing Cards
Playmobil
Playskool
Playwrite
Plush
Pluto
Pocket dice games
Pok?mon
Pokemon / Nintendo
Pokemon Center
Pokemon Flareon
Pokemon Korea
Pokemon TCG XY 2014 Spring Tin
Pokemon Trading Cards
Pokemon World Championship Decks
Pokemon pikachu
Pokémon
Pokémon TCG
Polar Lights
Polesie Wader
Polka
Polka Dots
Polly Pocket
Poly Dice Sets
Polyhedral
PolysGems
Pontiac
Pop It Up
Pop Stars
Pororo
Porsche
Posh Paws
Posh Paws International
Posh Porschey
Postman Pat
Powell Craft
Power Rangers
Power Rangers Megaforce
Power Rangers Samurai
Power Rangers Super Mega Force
Power Trains
PowerPlus
Predators (2010 Movie)
Preiser
Premier Decorations
Premier Portfolio Int. Ltd
Pressman Toy International
Pretend to Bee
Prime Chess
Privateer Press
Pro Swim GmbH
Product Enterprise
Professor Puzzle
Professor Puzzle - UK
Puckator
Puffin Balloons
Pulp Fiction
Pure Tone
Purity
Purple Peach
Puzzle With Me
Puzzler Media Ltd
Q-Workshop
Q7S
QJ
Qualatex
Qualatex / Unique
Quantum Mechanix
Quay
Quercetti
RAILWAY - BACHMANN
RB Foltz
RC2
RCD Trading International
RCECHO
RCL Toys
REGENT GROUP LTD
RMS International
ROKIT
ROLLIEREND
ROVIO ENTERTAINER
RSC
RUBBIES FRANCE
RUBIES UK
Race for the Galaxy: Brink of War
Rag Doll
Rag Dolls
Railway
Rainbow Loom
Rasta Imposta
Ratio
Ravensburger
Ravensburger Spieleverlag
Ravensden
Rcmodelpart
Re:creation Group Plc
Real Toys
Red Star
Red, White and Blue
Redakai
Redtooth Poker
Reeves
Regent
Releaserain
Reliant
Ren Art
Renegade Game Studios
Replicars
Return to Ravnica Booster Display
Revell
Revell-Monogram
Revoltech
Richmond Toys
Richmond Toys, Motormax
Ridley's
Riga
Riley
Rio Grande Games
Rittenhouse
Riverboat Gaming
Road Rippers
Road Signature
RoadBot
Roadkill Toys
Robelli
Robocar Poli
Rockets Toys
Rocky Horror Picture Show
Roco
Rolls Royce
Rory Story Cubes
Rory's Story Cubes
Rosebeading
Rothbury Publishing
Royal Family
Royal Loom
Royal Magic
Royal Mail
RoyaltyLane
Rubber Johnnies TM
Rubie's Masquerade
Rubie's Masquerade UK
Rubies
Rubies Costume Co
Rubik's
Rugby Attax
Rummikub
Ryman
SA
SE
SES Creative
SF801329TT
SGM
SGM ®
SIMBA - DICKIE
SJ R/C
SK Japan
SKYREAT
SL
SLJ Party Bags
SMART SHOPPING
SMER
SODIAL(R)
SOPHZZZZ TOY SHOP
SORA
STOBART
STREETS AHEAD
Safari
Safari Drives
Saico
Sailor Girl
Sailor Moon
Saint Seiya
Sakura
Sales La
Samantha Peach
Sambro
Sancto
Sanei
Santoys
Sarah Jane Smith Adventures
Sas Protection
Scalextric
Scarface
Scene It
Schipper
Schleich
Schmidt
Schylling
Science & Play
Science4you
Scificollector
Scola
Scooby Doo
Scoot
Scrabble
Scratch
Scream
Screenlife
Scribble
Scribbledown
Scrunch Buckets
Sculpey
Seben-Racing
Secraft
Secret Scholar
Sensory Toy Warehouse
Sensory Trust
Sequin Art
Sequin Art Funky Frame Flower
Sequin Art Hello Kitty Gothic Design
Sequin Art Style Karoake
Seruna
Set
ShalinIndia
Shatchi
Shelby
Shengshou
Shopkins
Shopzeus
Shuffle
Sideshow
Sideshow Collectable
Sideshow Collectibles
Sieper GmbH
Sigikid
Signature Balloons
Signstek
Siku
Silk Daisy Chain Gift Box
Silkcraft
Simba
Simba Toys
Simm
Simon Elvin
Sizzix
Skylanders Swap Force Tin
Skymarks
Slam Attax
Slammer
Sleddy Rainbow
Slide
Sluban
Small Army
Small Foot
Smart Games
Smartdealspro
Smasha-Ballz
Smencils
Smiffy's
Smoby
Snazaroo
Snoopy
Snuggle Pets
Snuggy Buds
SoWest Limited
Soccer Brain
SoccerStarz
Sochi 2014
Sofia the First
Soft Toy
Soft Toys
Sohni-Wicke
Sonic
Sonic The Hedgehog
Sooty
Sophia's
Sota
Spark
Special Armour
Spectrum
Speed Cycles
Spektrum
Spider-Man
Spin Master
Spinning Hat
Spirit of Air
Spirograph
Splash and Play
SpongeBob Squarepants
SpringRC
Square Enix
Square-Enix
Squishable
Stadlbauer Marketing + Vertrieb GmbH
Staedtler
StagSuits
Star Cutouts Ltd
Star Trek
Star Wars
Star images
Star55
Starepe
Starform
Starline
Steiff
Stephens
Steve Jackson Games
Sticker4U
Stickers
Stomp Rocket
StonKraft
Stoneblade Entertainment
Storyonics
Strathmore Artist Papers - ATC's
Street Fighter
StressCHECK Ltd
Stretchy Suits
Studio Anne Carlton
Studio Ghibli
Studio Light
Subaru
Sue Ryder
Suma Collection
Sun Arrow
Sun toys
SunsOut
Sunstar
Super Heroes
Super Mario
Super Mario Bros.
Super Robot
Super Wings
Supercast
Superstars
Supreme Models Online
Surprised Stare Games
Swash
Swimming and Pool Games
Swimways
Swoosh Supplies
Sylvanian Families
Syma
SystemsEleven
T-34/85 1945 diecast model tank
TAGAMOTO ENFORCER SET
TALLON INTERNATIONAL
TAYO
TB
TBEN
TC
TEAMLOSI
TGO
THE HOBBY COMPANY
TINKERTOY
TKC
TLP
TMNT
TMP
TNK
TNMT
TOOGOO(R)
TOYLAND
TREND ENTERPRISES INC.
TRI-ANG
TRIVIAL PURSUIT 1980'S
TT-PLAY
TV Stars
TWILIGHT SAGA
TY - Beanie Bears
TY Inc
TY-P2C
TY~BEANIE BEARS
TY~BEANIES ANIMALS
TY~BEANIES AQUATIC
TY~BEANIES BIRDS
TY~BEANIES CATS
TY~BEANIES DOGS
TY~COUNTRY EXCLUSIVES
TY~HALLOWEEN BEANIES
Tactic
Tactic Games UK
Tagamoto
Takara Tomy
Takaratommy
Take N Play
Talking Friends
Talking Tables
Tallon
Tally-Ho
Tamiya
Tangle
Tangle Creations
Tangle Jr
Tangle Junior
Tanner
Tantrix
Tapball
Tarot
Tarquin
Tarquin Group
Tashuunka-Plüschtiere
Tasty Minstrel Games
Team Losi, Inc.
Teamsterz
Teddy Hermann
Teddy Mountain
Teenage Mutant Ninja Turtles
Tegu
Tekken
Tellatale
Tenflyer
Tenzi
Terraria
Texas Holdem Poker Layout Cloth
Thames & Kosmos
Thank You
The 1 for U
The Adventures of Batman & Robin
The Avengers
The Balloon Printing Company
The Bear Factory
The Big Bang Rocket
The Blue Crown
The Cosplay Company
The Creativity Hub
The Dice Place
The Dolls House Emporium
The Expression Factory
The Expressions Factory
The Flagman
The Glitter Tree
The Glowhouse
The Great British Teddy Bear Company
The Great Minds Range
The Green Board Game Co.
The Harlequin Brand
The Hobbit
The Hobby Company
The House of Puzzles
The Hulk
The Little Experience
The Little Party Shop
The Name's The Game
The Nightmare Before Christmas
The Online Stores
The Online Workshop
The Orb Factory
The Original Glowstars
The Penguins
The Personalised Party Co.
The Pokémon Company
The Puppet Company
The Regency Chess Company
The Snowman and The Snowdog
The Sticker Factory
The Stickerman
The Toy Jar
The Training Shop Kit
The Trash Pack
The United States Playing Card Company
The Walking Dead
The Wonham Collection
The Zelf's
The fancy dress and party store
The1forU
TheWorks
Themed Glitter Tattoo Kits
Themed Tattoos by Savvi
Think Fun
Think Pink
Think Pink Blue 2
ThinkGeek
Thinkway Toys
Thomas & Friends
Thor
Thorness
Three British trade
Throwing Stars
Thunder Tiger
Thundercats
Thurston
Tidlo
Timberkits
Tinksky
Tinsley Transfers
Tiny Direct Deal
Titan Merchandise
Tobar
Tober
Tobot
Tofern
Tom and Jerry
Tomica
Tommy Tech
Tomy
Tomy UK ltd
Tomytec
Tonka
Tons Of Fun Balloons LTD
Tonsee®
Toob
Top Gear
Top Model
Top Trivia
Top Trumps
TopMei
Topixo
Topps
Town Square Miniatures
Toy Biz
Toy Brokers
Toy Story
Toy Zany
ToyGalaxy
ToyMarket
ToyPost
Toyland
Toymaster
Toyrific
Toys For Play
Toys R Us
Toyway
Trade Mark Collections
Trademark
Trademark Toys
Trading Card Supplies
Trading Cards
Traditional Games
Traditional Garden Games
Train
Train Tech
Trains
Transformers
Transformers Age of Extinction
Transformers Dark of the Moon
Transformers Prime Beast Hunters
Traxxas
TreasureTrove Toys
Tree Fu Tom
Trefl
Trend
Tri-Balloons
Tricks Of The Trade, Inc.
Triumph
Trival Pursuit
Trivial Pursuits
Trix
Troféu
Trucks & Diggers/Under Construction Party
TrueScale Miniatures
Truly Madly Deeply
Trumpeter
Tube Heroes
Tumdee Miniatures
Turtles
Twigz
Ty
Ty Beanie Babies
Ty Beanie Boos
Ty Inc.
Ty UK Ltd
Tyco
UK Party Games
UKPS
UNO Cards
US Playing Card Co.
UUstar®
Uber Games
Ugglys
Ultimate Guard
Ultimate Metal Puzzles
Ultra Pro
Ultra Pro Deck Protectors (Small)
Ultra Pro Deck Protectors (Standard)
Ultra Pro Platinum Series Nine Pocket Pages
Ultra-Pro Protective Card Sleeves
UltraByEasyPeasyStore
Unbeatable Games
Unbekannt
Underground Toys
Unique
Unique Freak Tattoos
Unique Party
Unique Party Supplies
United Labels
Universal Hobbies
Universal Picture
University Games
Unknown
Upper Deck
Upstarts
Urban Trendzz
VStoy
VTech
VW
Vanguard
Vanguards
Vanity Fair
Vectis
Venom
Viessmann
Viga
Vigid Imaginations
Vilac
Vinsani
Vintage Model Co.
Viskey
Vitesse
Vivid
Vivid Imaginations
Vogue of Eden
Volkswagen
Volley
Vollter
WARRIOR SINGLE PK AST
WAS
WE Games
WHATWEARS
WHOLESALE BEADS & CHARMS
WIDMANN
WIDMANN S.R.L.
WISH LIST FOR YOU
WL
WLToys
WORMS
WRESTLING MASKS UK
WUSCHL
WWE
WWF
Wacky Wobbler
Waddingtons
Walkera
Walking with Dinosaurs
Walthers Trainline
Wang
Warhammer
Warlord Games
Warmachine
Warmhearts Fully Microwavable
Water Lane Gifts
WayIn
WeVeel 3-Donkulous
Webkinz
Webkinz Lil'Kinz
Weenicons
Weise-Toys
Welecom
Welly
West5Products
Westland Sea King HC.4
Wet 'n' Wild
White Lab Mouse
White Mountain Puzzles
White Wizards Games
Whitehouse Leisure
Wicked
Wicked Costumes
Wicked Vision Limited
Wicked Vision Ltd
Widdowsons Display Cases
Widman
Wiki
Wiking
Wild Kratts
Wild Republic
Wild Republic Europe ApS
Wild and Wolf
Wildcard Games
Wildgoose Education
Wildlife
Wilesco
William Sinclairs
Wilton Bradley
Wind Designs Ltd
Wing
Winmau
Winning Moves
Winshare Puzzles and Games
Winx Club
Witzigs
WizKids
Wizards
Wizards of the Coast
Wonder Forge
Wonderworld
Wonham
Woodandtots
Wooden Toys
Woodland Scenics
Woodmansterne
Woodware Craft Collection Ltd
World Cup
World Of Tartan
World Playground Ltd
World of Warriors
WorldWide
Worlds Apart
Worry Eater
Wow Stuff
Wow Wee
X-Wing Miniatures Game
XCSOURCE
XINTE
XT-XINTE
Xcut
Xq Toys
YISET
YPS
YTM
Yacool ®
Yamato
Yao
Yat Ming
Yo Yo Factory
Yoo Hoo
Yoohoo & Friends
Yousave
Ystari
Yu Gi Oh
Yu Gi Oh!
Yu-Gi-Oh
Yu-Gi-Oh 2013 Collectors Tin Wave 1
Yu-Gi-Oh 2013 Zexal Collectors Tin
Yu-Gi-Oh!
Yu-gi-oh!
Yuelai
Yugioh
Yummy Bee
Z-Man Games
ZAP - Z
ZSL
Zagone Studios
Zebra Boutique
Zhu Zhu Ponies
Zigamazoo
Zombie Zity
Zomlings Series 4
ZooBooKoo
Zoob
Zuh Zhu Pets
Zvezda
atdoshop
basetoys
bee
belle
bgc
burago
cararama
cartemundai
ccf
chinkyboo
dazzling toys
db
dotcomgiftshop
douself
eDigital Creations Party Supplies
esscosa
esto24
fancy dress warehouse
fancydrescoz
farmyard party
fatcolor
filmwelt-shop
flashflash banners
floral natalie
footprintdirect.co.uk
getDigital
girls party bag fillers
h grossman
homeking
hongwell
howa
i.LifeUK
iAS
iColourful
iOSSS
iParaAiluRy
ixo
joe bar
k2-accessories
k2-accessories Acrylic Plastic Beads
k2-accessories Alloy Metal Spacer Beads
k2-accessories Alphabet Letter Beads
k2-accessories Beading Thread Wire
k2-accessories Charm Pendants
k2-accessories Chip Beads
k2-accessories Craft
k2-accessories Jewellery Findings
k2-accessories Leather Cord
k2-accessories Organza Bags
k2-accessories Organza Ribbon
k2-accessories Ready Necklace & Bracelet
k2-accessories Seed Beads
ketpriz
kitsch
luxury applique sack
m.y
maboobie
marias
mic-o-mic
mondo
myStyle
nanoblock
niceEshop
notjustballoons
partiesandgifts
partyallsorts
partyallsorts.fba
partyman
personalised party products
playteachers
pocketgames
princess party
rainbowbrush.co.uk
rolly toys
sear
shopondo
sideshow weta
signs-unique
solido
sourcingmap
sunnytech®
super mario bros
super9shop
sussed?
theinthing.com
tinkertonk
toybiz
ty beanie
ukgiftstoreonline
unbespielt
uni-ball
unisex party bag fillers
universal hobby
woooow doll
xs-party
yugioh
zizzi
|MFG
Requested too many products of the same type
£100.359
